====================================================
CRASH REPORT - 2026-07-29 03:47:43
====================================================

CRASH TYPE:  ACCESS_VIOLATION
ADDRESS:     0x7ffe98f671e2
THREAD ID:   30376

MODULE:      C:\Users\neu\AppData\Local\Shizoscript\shizotech\packages\ipc\native\windows_x64\shzmodule_ipc.dll

STACK TRACE:
[0]  shizoglue_entry [0x7ffe98f671e2]
[1]  <unknown> [0x7ffe98f64318]
[2]  shizoglue_entry [0x7ffe98f82d38]
[3]  <unknown> [0x7ffe98f5e958]
[4]  shizoglue_entry [0x7ffe98fd10dc]
[5]  _sys_nerr [0x7fff49b73a93]
[6]  o_free [0x7fff49b4042e]
[7]  execute_onexit_table [0x7fff49b3dddd]
[8]  shizoglue_entry [0x7ffe98fc8386]
[9]  shizoglue_entry [0x7ffe98fc84cd]
[10]  RtlActivateActivationContextUnsafeFast [0x7fff4bfb8c0f]
[11]  LdrShutdownProcess [0x7fff4bfe1616]
[12]  RtlExitUserProcess [0x7fff4bfe120d]
[13]  CtrlRoutine [0x7fff4963c6e0]
[14]  CtrlRoutine [0x7fff4963c547]
[15]  BaseThreadInitThunk [0x7fff4b9f259d]
[16]  RtlUserThreadStart [0x7fff4bfeafb8]
====================================================
END OF CRASH REPORT
====================================================
