====================================================
CRASH REPORT - 2026-08-12 23:51:04
====================================================

CRASH TYPE:  ACCESS_VIOLATION
ADDRESS:     0x7ffea8c95fc2
THREAD ID:   16096

MODULE:      C:\Users\neu\source\repos\shizoscript3\_shizoengine3_standalone\shizotech\packages\nanogui\native\windows_x64\shzmodule_nanogui.dll

STACK TRACE:
[0]  shzptr_control_block::destroy (C:\Users\neu\source\repos\shizoscript3\core\shizoscript3_core_module\shz_ptr.cpp:101) [0x7ffea8c95fc2]
[1]  shz_function_def::~shz_function_def [0x7ffea8c71a78]
[2]  shzobject<shz_vector3X<double,CLASS_STRING<12>{char{101,105,103,101,110,46,118,101,99,51,100,0}}>,CLASS_STRING<12>{char{101,105,103,101,110,46,118,101,99,51,100,0}}>::shzobject_function_def::`scalar deleting destructor' [0x7ffea8c71948]
[3]  std::vector<shzptr_strong<shzobject_member_def_base>,std::allocator<shzptr_strong<shzobject_member_def_base> > >::~vector<shzptr_strong<shzobject_member_def_base>,std::allocator<shzptr_strong<shzobject_member_def_base> > > (C:\Program Files\Microsoft Visual Studio\18\Insiders\VC\Tools\MSVC\14.51.36231\include\vector:832) [0x7ffea8c584bb]
[4]  _sys_nerr [0x7fff53053a93]
[5]  o_free [0x7fff5302042e]
[6]  execute_onexit_table [0x7fff5301dddd]
[7]  dllmain_crt_process_detach (D:\a\_work\1\s\src\vctools\crt\vcstartup\src\startup\dll_dllmain.cpp:182) [0x7ffea8e53df6]
[8]  dllmain_dispatch (D:\a\_work\1\s\src\vctools\crt\vcstartup\src\startup\dll_dllmain.cpp:293) [0x7ffea8e53f3d]
[9]  RtlActivateActivationContextUnsafeFast [0x7fff55538c0f]
[10]  LdrShutdownProcess [0x7fff55561616]
[11]  RtlExitUserProcess [0x7fff5556120d]
[12]  CtrlRoutine [0x7fff527ac770]
[13]  CtrlRoutine [0x7fff527ac5d7]
[14]  BaseThreadInitThunk [0x7fff5344259d]
[15]  RtlUserThreadStart [0x7fff5556afb8]
====================================================
END OF CRASH REPORT
====================================================
